
> temp_app@0.1.0 build
> next build

   ▲ Next.js 15.1.7
   - Environments: .env.local

   Creating an optimized production build ...
 ✓ Compiled successfully
   Linting and checking validity of types ...
 ⨯ ESLint: Cannot find module '/Users/bruno2025/Documents/iProjects/imagecolorpickerai/node_modules/eslint-config-next/typescript' imported from /Users/bruno2025/Documents/iProjects/imagecolorpickerai/eslint.config.mjs Did you mean to import "eslint-config-next/typescript.js"?
   Collecting page data ...
 ⚠ Using edge runtime on a page currently disables static generation for that page
   Generating static pages (0/1809) ...
   Generating static pages (452/1809) 
   Generating static pages (904/1809) 
   Generating static pages (1356/1809) 
 ✓ Generating static pages (1809/1809)
   Finalizing page optimization ...
   Collecting build traces ...

Route (app)                              Size     First Load JS
┌ ○ /                                    147 B           142 kB
├ ○ /_not-found                          986 B           106 kB
├ ○ /about                               188 B           109 kB
├ ƒ /api/analyze-color                   157 B           105 kB
├ ƒ /api/generate-wallpaper              157 B           105 kB
├ ƒ /api/pinterest/auto-post             157 B           105 kB
├ ƒ /api/pinterest/feed                  157 B           105 kB
├ ƒ /api/pinterest/post                  157 B           105 kB
├ ● /color/[slug]                        147 B           163 kB
├   ├ /color/cinnabar
├   ├ /color/tea-white
├   ├ /color/bamboo-green
├   └ [+110 more paths]
├ ● /colors/[group]                      930 B           110 kB
├   ├ /colors/chinese
├   ├ /colors/japanese
├   ├ /colors/red
├   └ [+139 more paths]
├ ƒ /combine/[slug]                      902 B           110 kB
├ ƒ /compare/[comparison]                1.99 kB         148 kB
├ ○ /contact                             157 B           105 kB
├ ○ /de                                  147 B           142 kB
├ ● /de/color/[slug]                     147 B           163 kB
├   ├ /de/color/cinnabar
├   ├ /de/color/tea-white
├   ├ /de/color/bamboo-green
├   └ [+110 more paths]
├ ● /de/colors/[group]                   930 B           110 kB
├   ├ /de/colors/chinese
├   ├ /de/colors/japanese
├   ├ /de/colors/red
├   └ [+139 more paths]
├ ○ /es                                  146 B           142 kB
├ ● /es/color/[slug]                     145 B           163 kB
├   ├ /es/color/cinnabar
├   ├ /es/color/tea-white
├   ├ /es/color/bamboo-green
├   └ [+110 more paths]
├ ● /es/colors/[group]                   930 B           110 kB
├   ├ /es/colors/chinese
├   ├ /es/colors/japanese
├   ├ /es/colors/red
├   └ [+139 more paths]
├ ○ /fr                                  147 B           142 kB
├ ● /fr/color/[slug]                     147 B           163 kB
├   ├ /fr/color/cinnabar
├   ├ /fr/color/tea-white
├   ├ /fr/color/bamboo-green
├   └ [+110 more paths]
├ ● /fr/colors/[group]                   930 B           110 kB
├   ├ /fr/colors/chinese
├   ├ /fr/colors/japanese
├   ├ /fr/colors/red
├   └ [+139 more paths]
├ ○ /ideas                               930 B           110 kB
├ ● /ideas/[category]                    188 B           109 kB
├   ├ /ideas/wedding
├   ├ /ideas/branding
├   ├ /ideas/interior
├   └ [+2 more paths]
├ ○ /ja                                  146 B           142 kB
├ ● /ja/color/[slug]                     147 B           163 kB
├   ├ /ja/color/cinnabar
├   ├ /ja/color/tea-white
├   ├ /ja/color/bamboo-green
├   └ [+110 more paths]
├ ● /ja/colors/[group]                   930 B           110 kB
├   ├ /ja/colors/chinese
├   ├ /ja/colors/japanese
├   ├ /ja/colors/red
├   └ [+139 more paths]
├ ○ /privacy-policy                      188 B           109 kB
├ ○ /pt                                  146 B           142 kB
├ ● /pt/color/[slug]                     147 B           163 kB
├   ├ /pt/color/cinnabar
├   ├ /pt/color/tea-white
├   ├ /pt/color/bamboo-green
├   └ [+110 more paths]
├ ● /pt/colors/[group]                   930 B           110 kB
├   ├ /pt/colors/chinese
├   ├ /pt/colors/japanese
├   ├ /pt/colors/red
├   └ [+139 more paths]
├ ○ /robots.txt                          0 B                0 B
├ ○ /scan                                2.15 kB         121 kB
├ ○ /sitemap.xml                         0 B                0 B
├ ○ /terms-of-service                    188 B           109 kB
├ ○ /zh                                  146 B           142 kB
├ ● /zh/color/[slug]                     146 B           163 kB
├   ├ /zh/color/cinnabar
├   ├ /zh/color/tea-white
├   ├ /zh/color/bamboo-green
├   └ [+110 more paths]
└ ● /zh/colors/[group]                   930 B           110 kB
    ├ /zh/colors/chinese
    ├ /zh/colors/japanese
    ├ /zh/colors/red
    └ [+139 more paths]
+ First Load JS shared by all            105 kB
  ├ chunks/1517-ec3935b09dc8b01b.js      50.3 kB
  ├ chunks/4bd1b696-fc69504db865ca2d.js  53 kB
  └ other shared chunks (total)          1.93 kB


○  (Static)   prerendered as static content
●  (SSG)      prerendered as static HTML (uses generateStaticParams)
ƒ  (Dynamic)  server-rendered on demand

