✨ Compiled Worker successfully
Uploading... (120/3886)
Uploading... (786/3886)
Uploading... (1455/3886)
Uploading... (2122/3886)
Uploading... (2313/3886)
Uploading... (3886/3886)
✨ Success! Uploaded 3766 files (120 already uploaded) (50.91 sec)

✨ Uploading _headers
Attaching additional modules:
┌─────────────────────────────────────────────────────────────────────┬──────┬─────────────┐
│ Name                                                                │ Type │ Size        │
├─────────────────────────────────────────────────────────────────────┼──────┼─────────────┤
│ __next-on-pages-dist__/cache/adaptor.js                             │ esm  │ 2.29 KiB    │
├─────────────────────────────────────────────────────────────────────┼──────┼─────────────┤
│ __next-on-pages-dist__/cache/cache-api.js                           │ esm  │ 0.43 KiB    │
├─────────────────────────────────────────────────────────────────────┼──────┼─────────────┤
│ __next-on-pages-dist__/cache/kv.js                                  │ esm  │ 0.35 KiB    │
├─────────────────────────────────────────────────────────────────────┼──────┼─────────────┤
│ __next-on-pages-dist__/functions/api/analyze-color.func.js          │ esm  │ 36.60 KiB   │
├─────────────────────────────────────────────────────────────────────┼──────┼─────────────┤
│ __next-on-pages-dist__/functions/api/generate-wallpaper.func.js     │ esm  │ 37.58 KiB   │
├─────────────────────────────────────────────────────────────────────┼──────┼─────────────┤
│ __next-on-pages-dist__/functions/api/pinterest/auto-post.func.js    │ esm  │ 39.37 KiB   │
├─────────────────────────────────────────────────────────────────────┼──────┼─────────────┤
│ __next-on-pages-dist__/functions/api/pinterest/feed.func.js         │ esm  │ 37.22 KiB   │
├─────────────────────────────────────────────────────────────────────┼──────┼─────────────┤
│ __next-on-pages-dist__/functions/api/pinterest/post.func.js         │ esm  │ 37.43 KiB   │
├─────────────────────────────────────────────────────────────────────┼──────┼─────────────┤
│ __next-on-pages-dist__/functions/combine/[slug].func.js             │ esm  │ 56.58 KiB   │
├─────────────────────────────────────────────────────────────────────┼──────┼─────────────┤
│ __next-on-pages-dist__/functions/compare/[comparison].func.js       │ esm  │ 150.86 KiB  │
├─────────────────────────────────────────────────────────────────────┼──────┼─────────────┤
│ __next-on-pages-dist__/manifest/88a389dd6c068190adb2efc795e4063c.js │ esm  │ 0.52 KiB    │
├─────────────────────────────────────────────────────────────────────┼──────┼─────────────┤
│ __next-on-pages-dist__/webpack/4310257e8584167c06d6c4147fcf0254.js  │ esm  │ 150.04 KiB  │
├─────────────────────────────────────────────────────────────────────┼──────┼─────────────┤
│ __next-on-pages-dist__/webpack/6693.js                              │ esm  │ 21.66 KiB   │
├─────────────────────────────────────────────────────────────────────┼──────┼─────────────┤
│ __next-on-pages-dist__/webpack/6c14df78ae006ec4ce0ffdea44e8b899.js  │ esm  │ 16.69 KiB   │
├─────────────────────────────────────────────────────────────────────┼──────┼─────────────┤
│ __next-on-pages-dist__/webpack/778fdee9ea0a3700b4a236875316ba9c.js  │ esm  │ 587.63 KiB  │
├─────────────────────────────────────────────────────────────────────┼──────┼─────────────┤
│ __next-on-pages-dist__/webpack/984657b0b0f9fc1434325d0054354dab.js  │ esm  │ 63.43 KiB   │
├─────────────────────────────────────────────────────────────────────┼──────┼─────────────┤
│ __next-on-pages-dist__/webpack/e25d803b4ab4ebee42922cc989c3b7bb.js  │ esm  │ 19.52 KiB   │
├─────────────────────────────────────────────────────────────────────┼──────┼─────────────┤
│ __next-on-pages-dist__/webpack/eaf438d0a4e386160a443e80e4e22473.js  │ esm  │ 1.16 KiB    │
├─────────────────────────────────────────────────────────────────────┼──────┼─────────────┤
│ Total (18 modules)                                                  │      │ 1259.36 KiB │
└─────────────────────────────────────────────────────────────────────┴──────┴─────────────┘
✨ Compiled Worker successfully
✨ Uploading Worker bundle
✨ Uploading _routes.json
🌎 Deploying...
✨ Deployment complete! Take a peek over at https://225b1b93.imagecolorpickerai.pages.dev
